// Jest Snapshot v1, https://goo.gl/fbAQLP

exports[`RadioButtons component renders RadioButtons 1`] = `
<Fragment>
  <RadioButton
    key="GET"
    label="Get"
    value="GET"
  />
  <RadioButton
    key="POST"
    label="Post"
    value="POST"
  />
  <RadioButton
    key="PUT"
    label="Put"
    value="PUT"
  />
  <RadioButton
    key="PATCH"
    label="Patch"
    value="PATCH"
  />
  <RadioButton
    key="DELETE"
    label="Delete"
    value="DELETE"
  />
</Fragment>
`;
